# artifact checksums (sha256)
# PHASE1_DIR=/home/mesquite/Desktop/projects/Lab/threejs.editor/threejs.editor.enhanced/grammar_and_3DOM_client

## phase1 (frozen reference)
89a25a4ff6d28295e2002728696b88070908075eb592e7017ea0012499d50db5  grammar_and_3DOM_client/terminals.json
81cadc4cb090d54e769e1a7c06c67d203479988813cc3c6cb4107614d715cdac  grammar_and_3DOM_client/ir_schema.json
eb72e243f71a7bcc0f479400e6c81a8ceb951e82053d6fe86b64276bcf071583  grammar_and_3DOM_client/3dom_grammar.iso.ebnf
d154bf227895371369e22ed2082841c4a089f61bcd8116a8b363d5521c024ebf  grammar_and_3DOM_client/3dom_grammar.w3c.ebnf
de4f577cca1eb01c615e6581648e2a0a0a4ed20842c72c89b61d0890672164c5  grammar_and_3DOM_client/conformance/refgrammar.py
a6483d3b4572af34fca65f9fa9c324aad31962e1365478e4759e890e1275f17c  grammar_and_3DOM_client/conformance/positive.txt
92accab701bb3134ffa5445056f37f1486f794173b868b805eaf8d23e8d98ce6  grammar_and_3DOM_client/conformance/negative.txt
d089c420a55f397d180676946bfb912a7ba0c0723c2142c6399f3be136dcf742  grammar_and_3DOM_client/conformance/vacuous.txt

## phase2 candidates (φ-maps)
eb126919a758dcc1ca53c64bff3de350306b76c9e5ac2e10f90f4cdd16e2d1bb  alien_syntax/candidates/phi_alpha.json
ea4f08369de2ffa885904a04b0fd54356bfea166c85e81ec837396ff3e6cd08a  alien_syntax/candidates/phi_beta.json
c674772dff08ce7ac2aacba34d1423c1d807e5b68b9065445f99a62a2fb15e5e  alien_syntax/candidates/phi_gamma.json

## phase2 templates
903e69b142006b3b9a7bd1d6db51ae483363a0611b422f7a289f0500f0e8903f  alien_syntax/grammar/templates/grammar.lark.template
9b97d722ec0982ec1e3e91423014e4d2b4680452609e8ccb02abd0820777601f  alien_syntax/grammar/templates/grammar.iso.template.ebnf
1d47795e45bb102c1ac7d358ba4915313e0e038b8deaeae9c3565a5e914384da  alien_syntax/grammar/templates/grammar.w3c.template.ebnf
ca514d7417e03cc50dec1e072fa915a829ac95e30ea3fd616aa0d473a7fb8c30  alien_syntax/grammar/templates/grammar.diagram.template.md

## phase2 generated grammars
14f4e2639c4686358f315ba50364fd8e2ff649eab6d63962c9e662260d810409  alien_syntax/grammar/generated/alien.alpha.diagram.md
f3e48302b4cfa9121a30e11ed2c4e37c1784f081878490601303d245b1456ab2  alien_syntax/grammar/generated/alien.alpha.iso.ebnf
7d78314dd461ee984a0173f78c31ba8879df1cb580de772ed274e9ef5544e187  alien_syntax/grammar/generated/alien.alpha.lark
d7cb7731ce450b8d514177f7191e37674df246d2a19f15e85c445a544d5ab817  alien_syntax/grammar/generated/alien.alpha.w3c.ebnf
b261d1dd2433c6044d52c45948f2903a5de85dd4ca64b87a7e6b8acefa4466e9  alien_syntax/grammar/generated/alien.beta.diagram.md
95869632446d1d157f8ba7282f86462f0999de6249da709f20a723a586838e04  alien_syntax/grammar/generated/alien.beta.iso.ebnf
747febfb66065556791f0a55ef8242f3d2eb108e0eee91ef317d08b492c45349  alien_syntax/grammar/generated/alien.beta.lark
1cf55e61485ba795da0dbdbf087f428cda78b27d8d5b2c744d195a7d004713d6  alien_syntax/grammar/generated/alien.beta.w3c.ebnf
6fc63fc416e182d836dfed58416d5c0890560120f12d22bb57a00a57b2b12dca  alien_syntax/grammar/generated/alien.gamma.diagram.md
e9fa3bfda43a1777a335110c89bda7d53b63f8ee70cc9f274d79db0ab6585455  alien_syntax/grammar/generated/alien.gamma.iso.ebnf
d3c8152a3947660ad38463f1449bce8669d2751f1720fc6d0df673a1c84cd6de  alien_syntax/grammar/generated/alien.gamma.lark
3fc15dfd0d24a568cbc73728268845e42c2cb20eb3a933af331071604f4e21dd  alien_syntax/grammar/generated/alien.gamma.w3c.ebnf

## phase2 generated corpora
09d876d1c7f3a655fcc60741911420540b03b89eb8b80d07435684c2f08dcac5  alien_syntax/conformance/alien.alpha.negative.txt
60fa51cfb7c191572ca48e15b50e1681e3989639af2fe3f5ade80d84b5a50e3c  alien_syntax/conformance/alien.alpha.positive.txt
6d2bc436ca4a065b81e9df55fce8f3955f4304c9899e7b84974ee4571c02d129  alien_syntax/conformance/alien.alpha.vacuous.txt
bc832c59441b377fdb50ca9d4343a08c1eb662ef1fcb0d250320987dac06ac37  alien_syntax/conformance/alien.beta.negative.txt
aad8df4662e6e57bf852626ab546b110f67b56f1fd70fa0d22e0e1078a82dbe3  alien_syntax/conformance/alien.beta.positive.txt
ab347a9643efdee73ab0d8d4cebacb89b6a7d433d7c0a7bfcccf6056230290e6  alien_syntax/conformance/alien.beta.vacuous.txt
d4de9e8b9af2b5c7cd126429b6c384a91c9c0890743ffe118db000f901f16341  alien_syntax/conformance/alien.gamma.negative.txt
2fa596d0f3a01a1f6751416b6f6072960ad6e13200763f6a43c8b48d87cb01e0  alien_syntax/conformance/alien.gamma.positive.txt
08328825dc33f8569524759d21d910d2c35e547ceab84a3d2abc934cc13a487e  alien_syntax/conformance/alien.gamma.vacuous.txt
bc832c59441b377fdb50ca9d4343a08c1eb662ef1fcb0d250320987dac06ac37  alien_syntax/conformance/alien.negative.txt
aad8df4662e6e57bf852626ab546b110f67b56f1fd70fa0d22e0e1078a82dbe3  alien_syntax/conformance/alien.positive.txt
ab347a9643efdee73ab0d8d4cebacb89b6a7d433d7c0a7bfcccf6056230290e6  alien_syntax/conformance/alien.vacuous.txt

(written to /home/mesquite/Desktop/projects/Lab/threejs.editor/threejs.editor.enhanced/run/experiments/20260901-233702/metadata/checksums.txt)
