preflight — lane: structural
  python      3.12.3
  repo        /home/mesquite/Desktop/projects/Lab/threejs.editor/threejs.editor.enhanced
  PHASE1_DIR  /home/mesquite/Desktop/projects/Lab/threejs.editor/threejs.editor.enhanced/grammar_and_3DOM_client
              (default)

required:
  [ok  ] grammar_and_3DOM_client/terminals.json
  [ok  ] grammar_and_3DOM_client/tasks.py
  [ok  ] grammar_and_3DOM_client/ir_schema.json
  [ok  ] grammar_and_3DOM_client/3dom_grammar.iso.ebnf
  [ok  ] grammar_and_3DOM_client/3dom_grammar.w3c.ebnf
  [ok  ] grammar_and_3DOM_client/grammar_metrics.py
  [ok  ] grammar_and_3DOM_client/conformance/refgrammar.py
  [ok  ] grammar_and_3DOM_client/conformance/positive.txt
  [ok  ] grammar_and_3DOM_client/conformance/negative.txt
  [ok  ] grammar_and_3DOM_client/conformance/vacuous.txt
  [ok  ] alien_syntax/candidates/phi_alpha.json
  [ok  ] alien_syntax/candidates/phi_beta.json
  [ok  ] alien_syntax/candidates/phi_gamma.json
  [ok  ] alien_syntax/grammar/templates/grammar.lark.template
  [ok  ] alien_syntax/grammar/templates/grammar.iso.template.ebnf
  [ok  ] alien_syntax/grammar/templates/grammar.w3c.template.ebnf
  [ok  ] alien_syntax/grammar/templates/grammar.diagram.template.md
  [ok  ] alien_syntax/src/phi.py
  [ok  ] alien_syntax/src/canonicalize.py
  [ok  ] alien_syntax/src/transpiler.py
  [ok  ] alien_syntax/src/generate_corpus.py
  [ok  ] lark (1.3.1)

optional:
  [ok  ] jsonschema (4.10.3)
  [--  ] transformers
         AutoTokenizer for CONSTRAINT 1 fertility. pip install transformers
  [--  ] torch
         base-model forward passes for ΔNLL. pip install torch

PASS — every required artifact and dependency is present.
